== Group 1: README ==
== Clause 1: install command ==
  PASS: install command present (quarto add mcmullarkey/blendtutor)
== Clause 2: syntax both languages ==
  PASS: R exercise syntax shown in README
  PASS: Python exercise syntax shown in README
== Clause 3: BYOK ==
  PASS: BYOK mentioned in README
== Clause 4: minimum Quarto version ==
  PASS: minimum Quarto version stated in README
== Clause 5: demo book link ==
  PASS: demo book link present in README
== Clause 6: install path contract ==
  PASS: install command present (quarto add mcmullarkey/blendtutor)
  PASS: install path stated (_extensions/mcmullarkey/blendtutor/)
  PASS: old wrong install path claim removed
  PASS: install-path independence stated in README
  PASS: ADR-0017 annotated with org/repo install path (CI actually + _extensions/mcmullarkey/blendtutor/)

== Group 2: Demo book ==
== Clause 7: render exits 0 ==
  PASS: quarto render demo-book exits 0
  PASS: asset href target exists: ../_extensions/blendtutor/assets/coi-serviceworker.js
  PASS: asset href target exists: ../_extensions/blendtutor/assets/styles.css
== Clause 8: ≥2 exercises per language ==
  PASS: ≥2 R exercises (2 found)
  PASS: ≥2 Python exercises (2 found)
== Clause 9: non-empty content ==
  PASS: non-empty content (no empty exercise divs)
  PASS: non-empty content (code blocks present: 4)
== Clause 10: mixed-language ==
  PASS: mixed-language (R: 2, Python: 2)
== Clause 11: no llm_evaluation_prompt ==
  PASS: no llm_evaluation_prompt (0 occurrences)
== Clause 12: COI config ==
  PASS: COI config present (coi="true" or coi: true)

== P9: demo-book side-effect free ==
  PASS: demo-book side-effect free — no extension-dir residue in demo-book

== Group 3: CI ==
== Clause 13: quarto add in temp dir ==
  PASS: quarto add mcmullarkey/blendtutor present in CI
  PASS: temp dir creation in CI
  PASS: test -f paths use _extensions/mcmullarkey/blendtutor/ (actual install path)
== Clause 14: setup@v2 ==
  PASS: quarto-dev/quarto-actions/setup@v2 present in CI
== Clause 15: no continue-on-error ==
  PASS: no continue-on-error in quarto-distribution job

== Negative cases ==
== Negative 1: correct org/repo ==
  PASS: correct org/repo (mcmullarkey/blendtutor)
== Negative 2: no empty JSON (exercises have content) ==
  PASS: no empty JSON (all exercises have content)
== Negative 3: CI does not use _extensions: copy ==
  PASS: CI does not use _extensions: copy (uses quarto add instead)
== Negative 4: README mentions BYOK ==
  PASS: README mentions BYOK

=========================================
  Results: 31 passed, 0 failed
=========================================
All tests passed.
