== Group 1: README ==
== Clause 1: install command ==
  PASS: install command present (quarto add mcmullarkey/blendtutor)
== Clause 2: syntax both languages ==
  PASS: R exercise syntax shown in README
  PASS: Python exercise syntax shown in README
== Clause 3: BYOK ==
  PASS: BYOK mentioned in README
== Clause 4: minimum Quarto version ==
  PASS: minimum Quarto version stated in README
== Clause 5: demo book link ==
  PASS: demo book link present in README
== Clause 6: install path contract ==
  PASS: install command present (quarto add mcmullarkey/blendtutor)
  PASS: install path stated (_extensions/mcmullarkey/blendtutor/)
  PASS: old wrong install path claim removed
  PASS: install-path independence stated in README
  PASS: ADR-0017 annotated with org/repo install path (CI actually + _extensions/mcmullarkey/blendtutor/)

== Group 2: Demo book ==
== Clause 7: render exits 0 ==
  PASS: quarto render demo-book exits 0
  PASS: asset href target exists: ../_extensions/blendtutor/assets/coi-serviceworker.js
  PASS: asset href target exists: ../_extensions/blendtutor/assets/styles.css
== Clause 8: ≥2 exercises per language ==
  PASS: ≥2 R exercises (2 found)
  PASS: ≥2 Python exercises (2 found)
== Clause 9: non-empty content ==
  PASS: non-empty content (no empty exercise divs)
  PASS: non-empty content (code blocks present: 4)
== Clause 10: mixed-language ==
  PASS: mixed-language (R: 2, Python: 2)
== Clause 11: no llm_evaluation_prompt ==
  PASS: no llm_evaluation_prompt (0 occurrences)
== Clause 12: COI config ==
  PASS: COI config present (coi="true" or coi: true)

== P9: demo-book side-effect free ==
  PASS: demo-book side-effect free — no extension-dir residue in demo-book

== Group 3: CI ==
== Clause 13: quarto add in temp dir ==
  PASS: quarto add mcmullarkey/blendtutor present in CI
  PASS: temp dir creation in CI
  PASS: test -f paths use _extensions/mcmullarkey/blendtutor/ (actual install path)
== Clause 14: setup@v2 ==
  PASS: quarto-dev/quarto-actions/setup@v2 present in CI
== Clause 15: no continue-on-error ==
  PASS: no continue-on-error in quarto-distribution job

== Negative cases ==
== Negative 1: correct org/repo ==
  PASS: correct org/repo (mcmullarkey/blendtutor)
== Negative 2: no empty JSON (exercises have content) ==
  PASS: no empty JSON (all exercises have content)
== Negative 3: CI does not use _extensions: copy ==
  PASS: CI does not use _extensions: copy (uses quarto add instead)
== Negative 4: README mentions BYOK ==
  PASS: README mentions BYOK

=========================================
  Results: 31 passed, 0 failed
=========================================
All tests passed.
== P1: copy hack removed from test_quarto_distribution.sh ==
  PASS: hack removed — no masking copy in scripts/tests/test_quarto_distribution.sh
== P2: no masking copy in render path (only org/repo install simulation) ==
  PASS: no masking copy in render path (only the working-tree install simulation)
== P3: install-render test sources from working tree ==
  PASS: working-tree source — extension copied from repo checkout, no quarto add
== P10: CI wiring (quarto-distribution job) ==
  PASS: CI wiring — quarto-distribution job runs install render test
  PASS: CI wiring — quarto add step retained (distribution-only proof)
  PASS: CI wiring — Render demo book step retained
  PASS: CI wiring — no continue-on-error in quarto-distribution job
  PASS: CI wiring — no '|| true' on render steps in CI

== P4-P8: hermetic working-tree install-path render ==
  PASS: P4: quarto render --to html exits 0 (org/repo install path)
  PASS: P5: filter ran — bt-exercise widget present in HTML
  PASS: P6: styles.css resolved — HTML references _extensions/mcmullarkey/blendtutor/assets/styles.css and file exists
  PASS: P7: no old-path leak — no _extensions/blendtutor/assets in HTML
  PASS: P8: coi-serviceworker.js resolved — HTML references _extensions/mcmullarkey/blendtutor/assets/coi-serviceworker.js and file exists

=========================================
  Results: 13 passed, 0 failed, 0 skipped
=========================================
All tests passed.
